Delhi Sultanate coin scraper
  Category: cat=3265 (Delhi Sultanate)
  cc: DS  |  dyn: سلطنة دلهي

  Session ready. Cookie: PHPSESSID=obf4c50fepd7fb1qd61es7tdt6; ppid=deleted...
  Mode: FULL (limit: all)

══ Collecting coin IDs from cat=3265... ══
  Found 2785 unique photo IDs.
  2785 to fetch (0 already done).
  ✓ 50 scraped  (total: 50)
  ✓ 100 scraped  (total: 100)
  ✓ 150 scraped  (total: 150)
  ✓ 200 scraped  (total: 200)
  ✓ 250 scraped  (total: 250)
  ✓ 300 scraped  (total: 300)
  ✓ 350 scraped  (total: 350)
  ✓ 400 scraped  (total: 400)
  ✓ 450 scraped  (total: 450)
  ✓ 500 scraped  (total: 500)
  💾 Checkpoint: 500 coins saved.
  ✓ 550 scraped  (total: 550)
  ✓ 600 scraped  (total: 600)
  ✓ 650 scraped  (total: 650)
  ✓ 700 scraped  (total: 700)
  ✓ 750 scraped  (total: 750)
  ✓ 800 scraped  (total: 800)
  ✓ 850 scraped  (total: 850)
  ✓ 900 scraped  (total: 900)
  ✓ 950 scraped  (total: 950)
  ✓ 1000 scraped  (total: 1000)
  💾 Checkpoint: 1000 coins saved.
  ✓ 1050 scraped  (total: 1050)
  ✓ 1100 scraped  (total: 1100)
  ✓ 1150 scraped  (total: 1150)
  ✓ 1200 scraped  (total: 1200)
  ✓ 1250 scraped  (total: 1250)
  ✓ 1300 scraped  (total: 1300)
  ✓ 1350 scraped  (total: 1350)
  ✓ 1400 scraped  (total: 1400)
  ✓ 1450 scraped  (total: 1450)
  ✓ 1500 scraped  (total: 1500)
  💾 Checkpoint: 1500 coins saved.
  ✓ 1550 scraped  (total: 1550)
  ✓ 1600 scraped  (total: 1600)
  ✓ 1650 scraped  (total: 1650)
  ✓ 1700 scraped  (total: 1700)
  ✓ 1750 scraped  (total: 1750)
  ✓ 1800 scraped  (total: 1800)
  ✓ 1850 scraped  (total: 1850)
  ✓ 1900 scraped  (total: 1900)
  ✓ 1950 scraped  (total: 1950)
  ✓ 2000 scraped  (total: 2000)
  💾 Checkpoint: 2000 coins saved.
  ✓ 2050 scraped  (total: 2050)
  ✓ 2100 scraped  (total: 2100)
  ✓ 2150 scraped  (total: 2150)
  ✓ 2200 scraped  (total: 2200)
  ✓ 2250 scraped  (total: 2250)
  ✓ 2300 scraped  (total: 2300)
  ✓ 2350 scraped  (total: 2350)
  ✓ 2400 scraped  (total: 2400)
  ✓ 2450 scraped  (total: 2450)
  ✓ 2500 scraped  (total: 2500)
  💾 Checkpoint: 2500 coins saved.
  ✓ 2550 scraped  (total: 2550)
  ✓ 2600 scraped  (total: 2600)
  ✓ 2650 scraped  (total: 2650)
  ✓ 2700 scraped  (total: 2700)
  ✓ 2750 scraped  (total: 2750)

══ Done ══
  Scraped: 2785
  Failed:  0
  Output:  D:\GitHub\arab-catalogue-next\arabismatica\src\data\delhi_coins.json
