[22:36:43] === finish-all.ps1 started ===
[22:36:44] Waiting for pipeline-extra (PID 10680) to finish...
[05:07:11] pipeline-extra done. Exit code: 
[05:07:12] pipeline-extra last log:
[05:07:12]   [19:07:11] â•‘  Pre-Reform coinage        :   3085 scraped,  3056 merged  â•‘
[05:07:12]   [19:07:11] â•‘  Ilkhanid                  :   7131 scraped,  7029 merged  â•‘
[05:07:13]   [19:07:11] â• â•â•â•â•â•â•â•â•â•â•â•â•â•â•â•â•â•â•â•â•â•â•â•â•â•â•â•â•â•â•â•â•â•â•â•â•â•â•â•â•â•â•â•â•â•â•â•â•â•â•â•â•â•â•â•â•â•â•â•£
[05:07:13]   [19:07:11] â•‘  coins.json  27,964 â†’ 44,319  (+16,355 new coins)   â•‘
[05:07:13]   [19:07:11] â•šâ•â•â•â•â•â•â•â•â•â•â•â•â•â•â•â•â•â•â•â•â•â•â•â•â•â•â•â•â•â•â•â•â•â•â•â•â•â•â•â•â•â•â•â•â•â•â•â•â•â•â•â•â•â•â•â•â•â•â•
[05:07:13]   [19:07:11] 
[05:07:13]   Final coins.json count: 44,319
[05:07:13]   [19:07:11]   latest_additions.json updated (20 entries).
[05:07:13] 
[05:07:13] Starting pipeline-p4 (Buyid + Samanid)...
[05:07:13] pipeline-p4 PID: 22608
[09:59:12] pipeline-p4 done. Exit code: 
[09:59:12] pipeline-p4 last log:
[09:59:12]   [23:59:12]   âœ… handoff.zip created: 2,206 KB
[09:59:12]   [23:59:12] 
[09:59:12]   â•”â•â•â•â•â•â•â•â•â•â•â•â•â•â•â•â•â•â•â•â•â•â•â•â•â•â•â•â•â•â•â•â•â•â•â•â•â•â•â•â•â•â•â•â•â•â•â•â•â•â•â•â•â•â•â•â•â•â•â•—
[09:59:12]   [23:59:12] â•‘                   P4 Pipeline Complete                  â•‘
[09:59:12]   [23:59:12] â• â•â•â•â•â•â•â•â•â•â•â•â•â•â•â•â•â•â•â•â•â•â•â•â•â•â•â•â•â•â•â•â•â•â•â•â•â•â•â•â•â•â•â•â•â•â•â•â•â•â•â•â•â•â•â•â•â•â•â•£
[09:59:12]   [23:59:12] â•‘  Buyid (Buwayhid)      :    844 scraped,   831 merged  â•‘
[09:59:12]   [23:59:12] â•‘  Samanid               :   7737 scraped,  7658 merged  â•‘
[09:59:12]   [23:59:12] â• â•â•â•â•â•â•â•â•â•â•â•â•â•â•â•â•â•â•â•â•â•â•â•â•â•â•â•â•â•â•â•â•â•â•â•â•â•â•â•â•â•â•â•â•â•â•â•â•â•â•â•â•â•â•â•â•â•â•â•£
[09:59:12]   [23:59:12] â•‘  coins.json: 44,319 â†’ 52,808 (+8,489 new)                  â•‘
[09:59:12]   [23:59:12] â•šâ•â•â•â•â•â•â•â•â•â•â•â•â•â•â•â•â•â•â•â•â•â•â•â•â•â•â•â•â•â•â•â•â•â•â•â•â•â•â•â•â•â•â•â•â•â•â•â•â•â•â•â•â•â•â•â•â•â•â•
[09:59:12]   [23:59:12] 
[09:59:12]   Final coins.json count: 52,808
[09:59:12] 
[09:59:12] Running enrich-zeno-v2.js...
[09:59:13]   
[09:59:13]   ─── Zeno Enrichment v2 Results ────────────────────────────────────────
[09:59:13]     Zeno coins processed : 48,037
[09:59:13]     yah  newly filled    : 1,071
[09:59:13]     mint newly filled    : 419
[09:59:13]     ruler newly filled   : 2,343
[09:59:13]     auction objects found: 2
[09:59:13]   
[09:59:13]     Sample auction records:
[09:59:13]     [Z#175642] Umayyad, AU solidus, pseudo-Byzantine type, temp. Mu'awiya I
[09:59:13]       auction: {"house":"solidus","grade":"AU"}
[09:59:13]     [Z#9707] NM, (AH 94), Au solidus.
[09:59:13]       auction: {"house":"solidus","grade":"Au"}
[09:59:13]   
[09:59:13]     coins.json updated.
[09:59:13] 
[09:59:13] Updating latest_additions.json...
[09:59:14]   latest_additions.json written. IDs: [
[09:59:14]     'zeno-23550',
[09:59:14]     'zeno-185268',
[09:59:14]     'zeno-185392',
[09:59:14]     'zeno-86057',
[09:59:14]     'zeno-355488'
[09:59:14]   ] ...
[09:59:14] 
[09:59:14] Creating handoff.zip...
[09:59:14]   src/data/coins.json  (34683.4 KB)
[09:59:14]   src/data/latest_additions.json  (0.4 KB)
[09:59:15]   handoff.zip: 2208.6 KB
[09:59:15] 
[09:59:15] === FINAL SUMMARY ===
[09:59:15]   
[09:59:15] 
[09:59:15] === All done. handoff.zip is at: D:/GitHub/arab-catalogue-next/arabismatica/scripts/handoff.zip ===
