[08:37:14] ╔══════════════════════════════════════════════════════╗
[08:37:15] ║     13-Dynasty Pipeline — Arab Islamic Coinage       ║
[08:37:15] ╚══════════════════════════════════════════════════════╝
[08:37:15] Dynasties: Umayyad of al-Andalus → Tulunid → Ikhshidid → Hamdanid → Aghlabid → Idrisid → Hafsid → Merinid → Almoravid → Almohad → Zangid → Artuqid → East Africa sultanates

[08:37:19] Session ready. PHPSESSID=8gqomim5aau48lu3f74pvj6ue1; ppid=de...
[08:37:19] 
══════════════════════════════════════════════════════════
[08:37:19] Dynasty: Umayyad of al-Andalus  (cat=1024, limit=all)
[08:37:19] ══════════════════════════════════════════════════════════
[08:37:19]   Collecting IDs...
[08:40:16]   Found 510 IDs, 510 to fetch (0 already done)
[08:43:01]   ✓ 50/510 from Umayyad of al-Andalus (raw: 50)
[08:45:03]   ✓ 100/510 from Umayyad of al-Andalus (raw: 100)
[08:45:04]   💾 Checkpoint at 100
[08:46:55]   ✓ 150/510 from Umayyad of al-Andalus (raw: 150)
[08:48:26]   ✓ 200/510 from Umayyad of al-Andalus (raw: 200)
[08:48:27]   💾 Checkpoint at 200
[08:50:23]   ✓ 250/510 from Umayyad of al-Andalus (raw: 250)
[08:51:49]   ✓ 300/510 from Umayyad of al-Andalus (raw: 300)
[08:51:51]   💾 Checkpoint at 300
[08:53:39]   ✓ 350/510 from Umayyad of al-Andalus (raw: 350)
[08:55:42]   ✓ 400/510 from Umayyad of al-Andalus (raw: 400)
[08:55:43]   💾 Checkpoint at 400
[08:57:08]   ✓ 450/510 from Umayyad of al-Andalus (raw: 450)
[08:59:03]   ✓ 500/510 from Umayyad of al-Andalus (raw: 500)
[08:59:05]   💾 Checkpoint at 500
[08:59:23]   ✓ Umayyad of al-Andalus: 510 scraped, 0 failed
[08:59:23]   Merge [Umayyad of al-Andalus]: 23469 → 23973 (+504 new, 6 dupes)
[08:59:23]     504  الأمويون في الأندلس
[08:59:23] 
  ↳ Umayyad of al-Andalus: 510 scraped, 504 merged in 22.1 min

[08:59:23] 
══════════════════════════════════════════════════════════
[08:59:23] Dynasty: Tulunid  (cat=1531, limit=all)
[08:59:23] ══════════════════════════════════════════════════════════
[08:59:23]   Collecting IDs...
[09:00:01]   Found 115 IDs, 115 to fetch (0 already done)
[09:02:30]   ✓ 50/115 from Tulunid (raw: 560)
[09:04:17]   ✓ 100/115 from Tulunid (raw: 610)
[09:04:19]   💾 Checkpoint at 100
[09:05:09]   ✓ Tulunid: 115 scraped, 0 failed
[09:05:11]   Merge [Tulunid]: 23973 → 24087 (+114 new, 511 dupes)
[09:05:11]     114  الدولة الطولونية
[09:05:11] 
  ↳ Tulunid: 115 scraped, 114 merged in 5.8 min

[09:05:11] 
══════════════════════════════════════════════════════════
[09:05:11] Dynasty: Ikhshidid  (cat=3960, limit=all)
[09:05:11] ══════════════════════════════════════════════════════════
[09:05:11]   Collecting IDs...
[09:06:14]   Found 118 IDs, 118 to fetch (0 already done)
[09:07:58]   ✓ 50/118 from Ikhshidid (raw: 675)
[09:09:39]   ✓ 100/118 from Ikhshidid (raw: 725)
[09:09:41]   💾 Checkpoint at 100
[09:10:14]   ✓ Ikhshidid: 118 scraped, 0 failed
[09:10:14]   Merge [Ikhshidid]: 24087 → 24204 (+117 new, 626 dupes)
[09:10:14]     117  الإخشيديون
[09:10:15] 
  ↳ Ikhshidid: 118 scraped, 117 merged in 5.1 min

[09:10:15] 
══════════════════════════════════════════════════════════
[09:10:15] Dynasty: Hamdanid  (cat=1292, limit=all)
[09:10:15] ══════════════════════════════════════════════════════════
[09:10:15]   Collecting IDs...
[09:11:23]   Found 233 IDs, 233 to fetch (0 already done)
[09:12:54]   ✓ 50/233 from Hamdanid (raw: 793)
[09:14:19]   ✓ 100/233 from Hamdanid (raw: 843)
[09:14:19]   💾 Checkpoint at 100
[09:15:54]   ✓ 150/233 from Hamdanid (raw: 893)
[09:17:38]   ✓ 200/233 from Hamdanid (raw: 943)
[09:17:39]   💾 Checkpoint at 200
[09:18:39]   ✓ Hamdanid: 233 scraped, 0 failed
[09:18:39]   Merge [Hamdanid]: 24204 → 24430 (+226 new, 750 dupes)
[09:18:39]     226  الحمدانيون
[09:18:40] 
  ↳ Hamdanid: 233 scraped, 226 merged in 8.4 min

[09:18:40] 
══════════════════════════════════════════════════════════
[09:18:40] Dynasty: Aghlabid  (cat=1030, limit=all)
[09:18:40] ══════════════════════════════════════════════════════════
[09:18:40]   Collecting IDs...
[09:19:17]   Found 91 IDs, 91 to fetch (0 already done)
