[07:51:18] ╔══════════════════════════════════════════════════════════╗
[07:51:18] ║          Zeno.ru Islamic Coins — Full Pipeline           ║
[07:51:18] ╚══════════════════════════════════════════════════════════╝
[07:51:18] Dynasties: Umayyad → Abbasid → Fatimid → Ayyubid → Mamluk
[07:51:18] Output   : D:\GitHub\arab-catalogue-next\arabismatica\scripts\zeno_raw.json
[07:51:18] Merge    : D:\GitHub\arab-catalogue-next\arabismatica\src\data\coins.json

[07:51:22] Session ready. Cookie: PHPSESSID=n3qtlog1b20nmjvq0q5672g010; ppid=de...
[07:51:22] 
════════════════════════════════════════════════════════════
[07:51:22] Dynasty: Umayyad  (cat=609, limit=all)
[07:51:22] ════════════════════════════════════════════════════════════
[07:51:22]   Collecting coin IDs...
[08:10:56]   Found 4769 IDs, 3319 to fetch (1450 already done)
[08:12:26]   ✓ 50/3319 scraped from Umayyad  (raw total: 1500)
[08:13:58]   ✓ 100/3319 scraped from Umayyad  (raw total: 1550)
[08:13:58]   💾 Checkpoint at 100
[08:15:23]   ✓ 150/3319 scraped from Umayyad  (raw total: 1600)
[08:16:46]   ✓ 200/3319 scraped from Umayyad  (raw total: 1650)
[08:16:46]   💾 Checkpoint at 200
[08:18:14]   ✓ 250/3319 scraped from Umayyad  (raw total: 1700)
[08:19:43]   ✓ 300/3319 scraped from Umayyad  (raw total: 1750)
[08:19:43]   💾 Checkpoint at 300
[08:21:09]   ✓ 350/3319 scraped from Umayyad  (raw total: 1800)
[08:22:35]   ✓ 400/3319 scraped from Umayyad  (raw total: 1850)
[08:22:35]   💾 Checkpoint at 400
[08:24:00]   ✓ 450/3319 scraped from Umayyad  (raw total: 1900)
[08:25:27]   ✓ 500/3319 scraped from Umayyad  (raw total: 1950)
[08:25:27]   💾 Checkpoint at 500
[08:26:48]   ✓ 550/3319 scraped from Umayyad  (raw total: 2000)
[08:28:11]   ✓ 600/3319 scraped from Umayyad  (raw total: 2050)
[08:28:11]   💾 Checkpoint at 600
[08:29:46]   ✓ 650/3319 scraped from Umayyad  (raw total: 2100)
[08:31:13]   ✓ 700/3319 scraped from Umayyad  (raw total: 2150)
[08:31:13]   💾 Checkpoint at 700
[08:32:34]   ✓ 750/3319 scraped from Umayyad  (raw total: 2200)
[08:34:05]   ✓ 800/3319 scraped from Umayyad  (raw total: 2250)
[08:34:05]   💾 Checkpoint at 800
[08:35:31]   ✓ 850/3319 scraped from Umayyad  (raw total: 2300)
[08:36:56]   ✓ 900/3319 scraped from Umayyad  (raw total: 2350)
[08:36:56]   💾 Checkpoint at 900
[08:38:23]   ✓ 950/3319 scraped from Umayyad  (raw total: 2400)
[08:39:49]   ✓ 1000/3319 scraped from Umayyad  (raw total: 2450)
[08:39:49]   💾 Checkpoint at 1000
[08:41:18]   ✓ 1050/3319 scraped from Umayyad  (raw total: 2500)
[08:42:46]   ✓ 1100/3319 scraped from Umayyad  (raw total: 2550)
[08:42:46]   💾 Checkpoint at 1100
[08:44:12]   ✓ 1150/3319 scraped from Umayyad  (raw total: 2600)
[08:45:37]   ✓ 1200/3319 scraped from Umayyad  (raw total: 2650)
[08:45:37]   💾 Checkpoint at 1200
[08:46:59]   ✓ 1250/3319 scraped from Umayyad  (raw total: 2700)
[08:48:22]   ✓ 1300/3319 scraped from Umayyad  (raw total: 2750)
[08:48:22]   💾 Checkpoint at 1300
[08:49:59]   ✓ 1350/3319 scraped from Umayyad  (raw total: 2800)
[08:51:23]   ✓ 1400/3319 scraped from Umayyad  (raw total: 2850)
[08:51:23]   💾 Checkpoint at 1400
[08:52:52]   ✓ 1450/3319 scraped from Umayyad  (raw total: 2900)
[08:54:17]   ✓ 1500/3319 scraped from Umayyad  (raw total: 2950)
[08:54:17]   💾 Checkpoint at 1500
[08:55:40]   ✓ 1550/3319 scraped from Umayyad  (raw total: 3000)
[08:57:06]   ✓ 1600/3319 scraped from Umayyad  (raw total: 3050)
[08:57:06]   💾 Checkpoint at 1600
[08:58:36]   ✓ 1650/3319 scraped from Umayyad  (raw total: 3100)
[09:00:13]   ✓ 1700/3319 scraped from Umayyad  (raw total: 3150)
[09:00:13]   💾 Checkpoint at 1700
[09:01:44]   ✓ 1750/3319 scraped from Umayyad  (raw total: 3200)
[09:03:18]   ✓ 1800/3319 scraped from Umayyad  (raw total: 3250)
[09:03:18]   💾 Checkpoint at 1800
[09:04:48]   ✓ 1850/3319 scraped from Umayyad  (raw total: 3300)
[09:06:17]   ✓ 1900/3319 scraped from Umayyad  (raw total: 3350)
[09:06:17]   💾 Checkpoint at 1900
[09:07:42]   ✓ 1950/3319 scraped from Umayyad  (raw total: 3400)
[09:09:09]   ✓ 2000/3319 scraped from Umayyad  (raw total: 3450)
[09:09:09]   💾 Checkpoint at 2000
[09:10:32]   ✓ 2050/3319 scraped from Umayyad  (raw total: 3500)
[09:11:56]   ✓ 2100/3319 scraped from Umayyad  (raw total: 3550)
[09:11:56]   💾 Checkpoint at 2100
[09:13:23]   ✓ 2150/3319 scraped from Umayyad  (raw total: 3600)
[09:14:53]   ✓ 2200/3319 scraped from Umayyad  (raw total: 3650)
[09:14:53]   💾 Checkpoint at 2200
[09:16:20]   ✓ 2250/3319 scraped from Umayyad  (raw total: 3700)
[09:17:51]   ✓ 2300/3319 scraped from Umayyad  (raw total: 3750)
[09:17:51]   💾 Checkpoint at 2300
[09:19:16]   ✓ 2350/3319 scraped from Umayyad  (raw total: 3800)
[09:20:45]   ✓ 2400/3319 scraped from Umayyad  (raw total: 3850)
[09:20:46]   💾 Checkpoint at 2400
[09:22:13]   ✓ 2450/3319 scraped from Umayyad  (raw total: 3900)
[09:23:48]   ✓ 2500/3319 scraped from Umayyad  (raw total: 3950)
[09:23:48]   💾 Checkpoint at 2500
[09:25:21]   ✓ 2550/3319 scraped from Umayyad  (raw total: 4000)
[09:26:49]   ✓ 2600/3319 scraped from Umayyad  (raw total: 4050)
[09:26:49]   💾 Checkpoint at 2600
[09:28:18]   ✓ 2650/3319 scraped from Umayyad  (raw total: 4100)
[09:29:45]   ✓ 2700/3319 scraped from Umayyad  (raw total: 4150)
[09:29:45]   💾 Checkpoint at 2700
[09:31:12]   ✓ 2750/3319 scraped from Umayyad  (raw total: 4200)
[09:32:36]   ✓ 2800/3319 scraped from Umayyad  (raw total: 4250)
[09:32:36]   💾 Checkpoint at 2800
[09:34:13]   ✓ 2850/3319 scraped from Umayyad  (raw total: 4300)
[09:35:43]   ✓ 2900/3319 scraped from Umayyad  (raw total: 4350)
[09:35:43]   💾 Checkpoint at 2900
[09:37:11]   ✓ 2950/3319 scraped from Umayyad  (raw total: 4400)
[09:38:33]   ✓ 3000/3319 scraped from Umayyad  (raw total: 4450)
[09:38:33]   💾 Checkpoint at 3000
[09:39:58]   ✓ 3050/3319 scraped from Umayyad  (raw total: 4500)
[09:41:20]   ✓ 3100/3319 scraped from Umayyad  (raw total: 4550)
[09:41:20]   💾 Checkpoint at 3100
[09:42:44]   ✓ 3150/3319 scraped from Umayyad  (raw total: 4600)
[09:44:14]   ✓ 3200/3319 scraped from Umayyad  (raw total: 4650)
[09:44:14]   💾 Checkpoint at 3200
[09:45:40]   ✓ 3250/3319 scraped from Umayyad  (raw total: 4700)
[09:47:11]   ✓ 3300/3319 scraped from Umayyad  (raw total: 4750)
[09:47:11]   💾 Checkpoint at 3300
[09:47:44]   ✓ Umayyad complete: 3319 scraped, 0 null/failed
[09:47:45]   Merge [Umayyad]: 5812 → 9499 (+3687 new, 1082 skipped as dupes)
[09:47:45]     3687  الدولة الأموية
[09:47:45] 
  ↳ Umayyad: 3319 scraped, 3687 merged in 116.4 min

[09:47:45] 
════════════════════════════════════════════════════════════
[09:47:45] Dynasty: Abbasid  (cat=543, limit=2000)
[09:47:45] ════════════════════════════════════════════════════════════
[09:47:45]   Collecting coin IDs...
[09:55:04]   Found 2000 IDs, 2000 to fetch (0 already done)
[09:56:35]   ✓ 50/2000 scraped from Abbasid  (raw total: 4819)
[09:58:05]   ✓ 100/2000 scraped from Abbasid  (raw total: 4869)
[09:58:07]   💾 Checkpoint at 100
[09:59:30]   ✓ 150/2000 scraped from Abbasid  (raw total: 4919)
[10:01:06]   ✓ 200/2000 scraped from Abbasid  (raw total: 4969)
[10:01:07]   💾 Checkpoint at 200
[10:02:37]   ✓ 250/2000 scraped from Abbasid  (raw total: 5019)
[10:04:10]   ✓ 300/2000 scraped from Abbasid  (raw total: 5069)
[10:04:12]   💾 Checkpoint at 300
[10:05:37]   ✓ 350/2000 scraped from Abbasid  (raw total: 5119)
[10:07:04]   ✓ 400/2000 scraped from Abbasid  (raw total: 5169)
[10:07:05]   💾 Checkpoint at 400
[10:08:32]   ✓ 450/2000 scraped from Abbasid  (raw total: 5219)
[10:10:02]   ✓ 500/2000 scraped from Abbasid  (raw total: 5269)
[10:10:04]   💾 Checkpoint at 500
[10:11:32]   ✓ 550/2000 scraped from Abbasid  (raw total: 5319)
[10:13:01]   ✓ 600/2000 scraped from Abbasid  (raw total: 5369)
[10:13:03]   💾 Checkpoint at 600
[10:14:29]   ✓ 650/2000 scraped from Abbasid  (raw total: 5419)
[10:15:57]   ✓ 700/2000 scraped from Abbasid  (raw total: 5469)
[10:15:58]   💾 Checkpoint at 700
[10:17:31]   ✓ 750/2000 scraped from Abbasid  (raw total: 5519)
[10:19:03]   ✓ 800/2000 scraped from Abbasid  (raw total: 5569)
[10:19:04]   💾 Checkpoint at 800
[10:20:28]   ✓ 850/2000 scraped from Abbasid  (raw total: 5619)
[10:21:54]   ✓ 900/2000 scraped from Abbasid  (raw total: 5669)
[10:21:55]   💾 Checkpoint at 900
[10:23:21]   ✓ 950/2000 scraped from Abbasid  (raw total: 5719)
[10:24:49]   ✓ 1000/2000 scraped from Abbasid  (raw total: 5769)
[10:24:51]   💾 Checkpoint at 1000
[10:26:19]   ✓ 1050/2000 scraped from Abbasid  (raw total: 5819)
[10:27:47]   ✓ 1100/2000 scraped from Abbasid  (raw total: 5869)
[10:27:49]   💾 Checkpoint at 1100
[10:29:19]   ✓ 1150/2000 scraped from Abbasid  (raw total: 5919)
[10:30:47]   ✓ 1200/2000 scraped from Abbasid  (raw total: 5969)
[10:30:49]   💾 Checkpoint at 1200
[10:32:20]   ✓ 1250/2000 scraped from Abbasid  (raw total: 6019)
[10:33:53]   ✓ 1300/2000 scraped from Abbasid  (raw total: 6069)
[10:33:55]   💾 Checkpoint at 1300
[10:35:20]   ✓ 1350/2000 scraped from Abbasid  (raw total: 6119)
[10:36:47]   ✓ 1400/2000 scraped from Abbasid  (raw total: 6169)
[10:36:47]   💾 Checkpoint at 1400
[10:38:18]   ✓ 1450/2000 scraped from Abbasid  (raw total: 6219)
[10:39:51]   ✓ 1500/2000 scraped from Abbasid  (raw total: 6269)
[10:39:53]   💾 Checkpoint at 1500
[10:41:25]   ✓ 1550/2000 scraped from Abbasid  (raw total: 6319)
[10:42:57]   ✓ 1600/2000 scraped from Abbasid  (raw total: 6369)
[10:42:59]   💾 Checkpoint at 1600
[10:44:27]   ✓ 1650/2000 scraped from Abbasid  (raw total: 6419)
[10:45:55]   ✓ 1700/2000 scraped from Abbasid  (raw total: 6469)
[10:45:56]   💾 Checkpoint at 1700
[10:47:31]   ✓ 1750/2000 scraped from Abbasid  (raw total: 6519)
[10:49:27]   ✓ 1800/2000 scraped from Abbasid  (raw total: 6569)
[10:49:29]   💾 Checkpoint at 1800
[10:51:04]   ✓ 1850/2000 scraped from Abbasid  (raw total: 6619)
[10:52:47]   ✓ 1900/2000 scraped from Abbasid  (raw total: 6669)
[10:52:48]   💾 Checkpoint at 1900
[10:54:14]   ✓ 1950/2000 scraped from Abbasid  (raw total: 6719)
[10:55:46]   ✓ 2000/2000 scraped from Abbasid  (raw total: 6769)
[10:55:48]   💾 Checkpoint at 2000
[10:55:48]   ✓ Abbasid complete: 2000 scraped, 0 null/failed
[10:55:48]   Merge [Abbasid]: 9499 → 11476 (+1977 new, 4792 skipped as dupes)
[10:55:48]     1977  الخلافة العباسية
[10:55:48] 
  ↳ Abbasid: 2000 scraped, 1977 merged in 68.1 min

[10:55:48] 
════════════════════════════════════════════════════════════
[10:55:48] Dynasty: Fatimid  (cat=5362, limit=all)
[10:55:48] ════════════════════════════════════════════════════════════
[10:55:48]   Collecting coin IDs...
[10:58:39]   Found 600 IDs, 600 to fetch (0 already done)
[11:00:07]   ✓ 50/600 scraped from Fatimid  (raw total: 6819)
[11:01:36]   ✓ 100/600 scraped from Fatimid  (raw total: 6869)
[11:01:38]   💾 Checkpoint at 100
[11:03:09]   ✓ 150/600 scraped from Fatimid  (raw total: 6919)
[11:04:41]   ✓ 200/600 scraped from Fatimid  (raw total: 6969)
[11:04:43]   💾 Checkpoint at 200
[11:06:14]   ✓ 250/600 scraped from Fatimid  (raw total: 7019)
[11:07:42]   ✓ 300/600 scraped from Fatimid  (raw total: 7069)
[11:07:43]   💾 Checkpoint at 300
[11:09:13]   ✓ 350/600 scraped from Fatimid  (raw total: 7119)
[11:10:40]   ✓ 400/600 scraped from Fatimid  (raw total: 7169)
[11:10:41]   💾 Checkpoint at 400
[11:12:08]   ✓ 450/600 scraped from Fatimid  (raw total: 7219)
[11:13:36]   ✓ 500/600 scraped from Fatimid  (raw total: 7269)
[11:13:36]   💾 Checkpoint at 500
[11:15:03]   ✓ 550/600 scraped from Fatimid  (raw total: 7319)
[11:16:32]   ✓ 600/600 scraped from Fatimid  (raw total: 7369)
[11:16:34]   💾 Checkpoint at 600
[11:16:34]   ✓ Fatimid complete: 600 scraped, 0 null/failed
[11:16:34]   Merge [Fatimid]: 11476 → 12072 (+596 new, 6773 skipped as dupes)
[11:16:34]     596  الخلافة الفاطمية
[11:16:34] 
  ↳ Fatimid: 600 scraped, 596 merged in 20.8 min

[11:16:34] 
════════════════════════════════════════════════════════════
[11:16:34] Dynasty: Ayyubid  (cat=14353, limit=all)
[11:16:34] ════════════════════════════════════════════════════════════
[11:16:34]   Collecting coin IDs...
[11:32:40]   Found 3931 IDs, 3931 to fetch (0 already done)
[11:34:13]   ✓ 50/3931 scraped from Ayyubid  (raw total: 7419)
[11:35:45]   ✓ 100/3931 scraped from Ayyubid  (raw total: 7469)
[11:35:47]   💾 Checkpoint at 100
[11:37:18]   ✓ 150/3931 scraped from Ayyubid  (raw total: 7519)
[11:38:47]   ✓ 200/3931 scraped from Ayyubid  (raw total: 7569)
[11:38:48]   💾 Checkpoint at 200
[11:40:16]   ✓ 250/3931 scraped from Ayyubid  (raw total: 7619)
[11:41:51]   ✓ 300/3931 scraped from Ayyubid  (raw total: 7669)
[11:41:53]   💾 Checkpoint at 300
[11:43:33]   ✓ 350/3931 scraped from Ayyubid  (raw total: 7719)
[11:44:59]   ✓ 400/3931 scraped from Ayyubid  (raw total: 7769)
[11:45:00]   💾 Checkpoint at 400
[11:46:32]   ✓ 450/3931 scraped from Ayyubid  (raw total: 7819)
[11:47:57]   ✓ 500/3931 scraped from Ayyubid  (raw total: 7869)
[11:47:57]   💾 Checkpoint at 500
[11:49:26]   ✓ 550/3931 scraped from Ayyubid  (raw total: 7919)
[11:50:57]   ✓ 600/3931 scraped from Ayyubid  (raw total: 7969)
[11:50:58]   💾 Checkpoint at 600
[11:52:28]   ✓ 650/3931 scraped from Ayyubid  (raw total: 8019)
[11:54:12]   ✓ 700/3931 scraped from Ayyubid  (raw total: 8069)
[11:54:14]   💾 Checkpoint at 700
[11:55:39]   ✓ 750/3931 scraped from Ayyubid  (raw total: 8119)
[11:57:13]   ✓ 800/3931 scraped from Ayyubid  (raw total: 8169)
[11:57:14]   💾 Checkpoint at 800
[11:58:42]   ✓ 850/3931 scraped from Ayyubid  (raw total: 8219)
[12:00:06]   ✓ 900/3931 scraped from Ayyubid  (raw total: 8269)
[12:00:06]   💾 Checkpoint at 900
[12:01:33]   ✓ 950/3931 scraped from Ayyubid  (raw total: 8319)
[12:03:01]   ✓ 1000/3931 scraped from Ayyubid  (raw total: 8369)
[12:03:02]   💾 Checkpoint at 1000
[12:04:32]   ✓ 1050/3931 scraped from Ayyubid  (raw total: 8419)
[12:06:02]   ✓ 1100/3931 scraped from Ayyubid  (raw total: 8469)
[12:06:03]   💾 Checkpoint at 1100
[12:07:35]   ✓ 1150/3931 scraped from Ayyubid  (raw total: 8519)
[12:09:10]   ✓ 1200/3931 scraped from Ayyubid  (raw total: 8569)
[12:09:12]   💾 Checkpoint at 1200
[12:10:38]   ✓ 1250/3931 scraped from Ayyubid  (raw total: 8619)
[12:12:05]   ✓ 1300/3931 scraped from Ayyubid  (raw total: 8669)
[12:12:07]   💾 Checkpoint at 1300
[12:13:34]   ✓ 1350/3931 scraped from Ayyubid  (raw total: 8719)
[12:15:03]   ✓ 1400/3931 scraped from Ayyubid  (raw total: 8769)
[12:15:05]   💾 Checkpoint at 1400
[12:16:37]   ✓ 1450/3931 scraped from Ayyubid  (raw total: 8819)
[12:18:16]   ✓ 1500/3931 scraped from Ayyubid  (raw total: 8869)
[12:18:18]   💾 Checkpoint at 1500
[12:19:45]   ✓ 1550/3931 scraped from Ayyubid  (raw total: 8919)
[12:21:12]   ✓ 1600/3931 scraped from Ayyubid  (raw total: 8969)
[12:21:12]   💾 Checkpoint at 1600
[12:22:38]   ✓ 1650/3931 scraped from Ayyubid  (raw total: 9019)
[12:24:06]   ✓ 1700/3931 scraped from Ayyubid  (raw total: 9069)
[12:24:07]   💾 Checkpoint at 1700
[12:25:37]   ✓ 1750/3931 scraped from Ayyubid  (raw total: 9119)
[12:27:11]   ✓ 1800/3931 scraped from Ayyubid  (raw total: 9169)
[12:27:13]   💾 Checkpoint at 1800
[12:28:41]   ✓ 1850/3931 scraped from Ayyubid  (raw total: 9219)
[12:30:12]   ✓ 1900/3931 scraped from Ayyubid  (raw total: 9269)
[12:30:14]   💾 Checkpoint at 1900
[12:31:43]   ✓ 1950/3931 scraped from Ayyubid  (raw total: 9319)
[12:33:16]   ✓ 2000/3931 scraped from Ayyubid  (raw total: 9369)
[12:33:18]   💾 Checkpoint at 2000
[12:34:50]   ✓ 2050/3931 scraped from Ayyubid  (raw total: 9419)
[12:36:24]   ✓ 2100/3931 scraped from Ayyubid  (raw total: 9469)
[12:36:26]   💾 Checkpoint at 2100
[12:37:56]   ✓ 2150/3931 scraped from Ayyubid  (raw total: 9519)
[12:39:24]   ✓ 2200/3931 scraped from Ayyubid  (raw total: 9569)
[12:39:26]   💾 Checkpoint at 2200
[12:40:55]   ✓ 2250/3931 scraped from Ayyubid  (raw total: 9619)
[12:42:24]   ✓ 2300/3931 scraped from Ayyubid  (raw total: 9669)
[12:42:26]   💾 Checkpoint at 2300
[12:43:59]   ✓ 2350/3931 scraped from Ayyubid  (raw total: 9719)
[12:45:35]   ✓ 2400/3931 scraped from Ayyubid  (raw total: 9769)
[12:45:36]   💾 Checkpoint at 2400
[12:47:05]   ✓ 2450/3931 scraped from Ayyubid  (raw total: 9819)
[12:48:36]   ✓ 2500/3931 scraped from Ayyubid  (raw total: 9869)
[12:48:38]   💾 Checkpoint at 2500
[12:50:08]   ✓ 2550/3931 scraped from Ayyubid  (raw total: 9919)
[12:51:36]   ✓ 2600/3931 scraped from Ayyubid  (raw total: 9969)
[12:51:37]   💾 Checkpoint at 2600
[12:53:16]   ✓ 2650/3931 scraped from Ayyubid  (raw total: 10019)
[12:54:50]   ✓ 2700/3931 scraped from Ayyubid  (raw total: 10069)
[12:54:51]   💾 Checkpoint at 2700
[12:56:23]   ✓ 2750/3931 scraped from Ayyubid  (raw total: 10119)
[12:57:51]   ✓ 2800/3931 scraped from Ayyubid  (raw total: 10169)
[12:57:52]   💾 Checkpoint at 2800
[12:59:16]   ✓ 2850/3931 scraped from Ayyubid  (raw total: 10219)
[13:00:49]   ✓ 2900/3931 scraped from Ayyubid  (raw total: 10269)
[13:00:50]   💾 Checkpoint at 2900
[13:02:15]   ✓ 2950/3931 scraped from Ayyubid  (raw total: 10319)
[13:03:49]   ✓ 3000/3931 scraped from Ayyubid  (raw total: 10369)
[13:03:51]   💾 Checkpoint at 3000
[13:05:23]   ✓ 3050/3931 scraped from Ayyubid  (raw total: 10419)
[13:06:49]   ✓ 3100/3931 scraped from Ayyubid  (raw total: 10469)
[13:06:51]   💾 Checkpoint at 3100
[13:08:32]   ✓ 3150/3931 scraped from Ayyubid  (raw total: 10519)
[13:10:03]   ✓ 3200/3931 scraped from Ayyubid  (raw total: 10569)
[13:10:04]   💾 Checkpoint at 3200
[13:11:37]   ✓ 3250/3931 scraped from Ayyubid  (raw total: 10619)
[13:13:04]   ✓ 3300/3931 scraped from Ayyubid  (raw total: 10669)
[13:13:05]   💾 Checkpoint at 3300
[13:14:32]   ✓ 3350/3931 scraped from Ayyubid  (raw total: 10719)
[13:16:03]   ✓ 3400/3931 scraped from Ayyubid  (raw total: 10769)
[13:16:04]   💾 Checkpoint at 3400
[13:17:35]   ✓ 3450/3931 scraped from Ayyubid  (raw total: 10819)
[13:19:03]   ✓ 3500/3931 scraped from Ayyubid  (raw total: 10869)
[13:19:05]   💾 Checkpoint at 3500
[13:20:34]   ✓ 3550/3931 scraped from Ayyubid  (raw total: 10919)
[13:22:02]   ✓ 3600/3931 scraped from Ayyubid  (raw total: 10969)
[13:22:03]   💾 Checkpoint at 3600
[13:23:32]   ✓ 3650/3931 scraped from Ayyubid  (raw total: 11019)
[13:25:03]   ✓ 3700/3931 scraped from Ayyubid  (raw total: 11069)
[13:25:03]   💾 Checkpoint at 3700
[13:26:34]   ✓ 3750/3931 scraped from Ayyubid  (raw total: 11119)
[13:28:02]   ✓ 3800/3931 scraped from Ayyubid  (raw total: 11169)
[13:28:04]   💾 Checkpoint at 3800
[13:29:30]   ✓ 3850/3931 scraped from Ayyubid  (raw total: 11219)
[13:30:55]   ✓ 3900/3931 scraped from Ayyubid  (raw total: 11269)
[13:30:57]   💾 Checkpoint at 3900
[13:31:54]   ✓ Ayyubid complete: 3931 scraped, 0 null/failed
[13:31:56]   Merge [Ayyubid]: 12072 → 15978 (+3906 new, 7394 skipped as dupes)
[13:31:56]     3906  الأيوبيون
[13:31:56] 
  ↳ Ayyubid: 3931 scraped, 3906 merged in 135.4 min

[13:31:56] 
════════════════════════════════════════════════════════════
[13:31:56] Dynasty: Mamluk  (cat=880, limit=all)
[13:31:56] ════════════════════════════════════════════════════════════
[13:31:56]   Collecting coin IDs...
[14:01:08]   Found 7562 IDs, 7562 to fetch (0 already done)
[14:02:44]   ✓ 50/7562 scraped from Mamluk  (raw total: 11350)
[14:04:26]   ✓ 100/7562 scraped from Mamluk  (raw total: 11400)
[14:04:27]   💾 Checkpoint at 100
[14:05:56]   ✓ 150/7562 scraped from Mamluk  (raw total: 11450)
[14:07:27]   ✓ 200/7562 scraped from Mamluk  (raw total: 11500)
[14:07:28]   💾 Checkpoint at 200
[14:08:58]   ✓ 250/7562 scraped from Mamluk  (raw total: 11550)
[14:10:25]   ✓ 300/7562 scraped from Mamluk  (raw total: 11600)
[14:10:27]   💾 Checkpoint at 300
[14:11:51]   ✓ 350/7562 scraped from Mamluk  (raw total: 11650)
[14:13:17]   ✓ 400/7562 scraped from Mamluk  (raw total: 11700)
[14:13:19]   💾 Checkpoint at 400
[14:14:43]   ✓ 450/7562 scraped from Mamluk  (raw total: 11750)
[14:16:10]   ✓ 500/7562 scraped from Mamluk  (raw total: 11800)
[14:16:11]   💾 Checkpoint at 500
[14:17:40]   ✓ 550/7562 scraped from Mamluk  (raw total: 11850)
[14:19:08]   ✓ 600/7562 scraped from Mamluk  (raw total: 11900)
[14:19:10]   💾 Checkpoint at 600
[14:20:37]   ✓ 650/7562 scraped from Mamluk  (raw total: 11950)
[14:22:07]   ✓ 700/7562 scraped from Mamluk  (raw total: 12000)
[14:22:09]   💾 Checkpoint at 700
[14:23:39]   ✓ 750/7562 scraped from Mamluk  (raw total: 12050)
[14:25:11]   ✓ 800/7562 scraped from Mamluk  (raw total: 12100)
[14:25:11]   💾 Checkpoint at 800
[14:26:43]   ✓ 850/7562 scraped from Mamluk  (raw total: 12150)
[14:28:13]   ✓ 900/7562 scraped from Mamluk  (raw total: 12200)
[14:28:15]   💾 Checkpoint at 900
[14:30:02]   ✓ 950/7562 scraped from Mamluk  (raw total: 12250)
[14:31:54]   ✓ 1000/7562 scraped from Mamluk  (raw total: 12300)
[14:31:56]   💾 Checkpoint at 1000
[14:33:29]   ✓ 1050/7562 scraped from Mamluk  (raw total: 12350)
[14:35:02]   ✓ 1100/7562 scraped from Mamluk  (raw total: 12400)
[14:35:03]   💾 Checkpoint at 1100
[14:36:31]   ✓ 1150/7562 scraped from Mamluk  (raw total: 12450)
[14:38:00]   ✓ 1200/7562 scraped from Mamluk  (raw total: 12500)
[14:38:01]   💾 Checkpoint at 1200
[14:39:29]   ✓ 1250/7562 scraped from Mamluk  (raw total: 12550)
[14:41:00]   ✓ 1300/7562 scraped from Mamluk  (raw total: 12600)
[14:41:01]   💾 Checkpoint at 1300
[14:42:36]   ✓ 1350/7562 scraped from Mamluk  (raw total: 12650)
[14:44:11]   ✓ 1400/7562 scraped from Mamluk  (raw total: 12700)
[14:44:13]   💾 Checkpoint at 1400
[14:45:57]   ✓ 1450/7562 scraped from Mamluk  (raw total: 12750)
[14:47:34]   ✓ 1500/7562 scraped from Mamluk  (raw total: 12800)
[14:47:36]   💾 Checkpoint at 1500
[14:49:10]   ✓ 1550/7562 scraped from Mamluk  (raw total: 12850)
[14:50:42]   ✓ 1600/7562 scraped from Mamluk  (raw total: 12900)
[14:50:44]   💾 Checkpoint at 1600
[14:52:31]   ✓ 1650/7562 scraped from Mamluk  (raw total: 12950)
[14:54:08]   ✓ 1700/7562 scraped from Mamluk  (raw total: 13000)
[14:54:09]   💾 Checkpoint at 1700
[14:55:37]   ✓ 1750/7562 scraped from Mamluk  (raw total: 13050)
[14:57:10]   ✓ 1800/7562 scraped from Mamluk  (raw total: 13100)
[14:57:12]   💾 Checkpoint at 1800
[14:58:40]   ✓ 1850/7562 scraped from Mamluk  (raw total: 13150)
[15:00:13]   ✓ 1900/7562 scraped from Mamluk  (raw total: 13200)
[15:00:15]   💾 Checkpoint at 1900
[15:02:08]   ✓ 1950/7562 scraped from Mamluk  (raw total: 13250)
[15:04:03]   ✓ 2000/7562 scraped from Mamluk  (raw total: 13300)
[15:04:05]   💾 Checkpoint at 2000
[15:06:04]   ✓ 2050/7562 scraped from Mamluk  (raw total: 13350)
[15:07:41]   ✓ 2100/7562 scraped from Mamluk  (raw total: 13400)
[15:07:42]   💾 Checkpoint at 2100
[15:09:10]   ✓ 2150/7562 scraped from Mamluk  (raw total: 13450)
[15:10:39]   ✓ 2200/7562 scraped from Mamluk  (raw total: 13500)
[15:10:40]   💾 Checkpoint at 2200
[15:12:10]   ✓ 2250/7562 scraped from Mamluk  (raw total: 13550)
[15:13:44]   ✓ 2300/7562 scraped from Mamluk  (raw total: 13600)
[15:13:45]   💾 Checkpoint at 2300
[15:15:14]   ✓ 2350/7562 scraped from Mamluk  (raw total: 13650)
[15:16:43]   ✓ 2400/7562 scraped from Mamluk  (raw total: 13700)
[15:16:44]   💾 Checkpoint at 2400
[15:18:09]   ✓ 2450/7562 scraped from Mamluk  (raw total: 13750)
[15:19:39]   ✓ 2500/7562 scraped from Mamluk  (raw total: 13800)
[15:19:41]   💾 Checkpoint at 2500
[15:21:12]   ✓ 2550/7562 scraped from Mamluk  (raw total: 13850)
[15:22:39]   ✓ 2600/7562 scraped from Mamluk  (raw total: 13900)
[15:22:41]   💾 Checkpoint at 2600
[15:24:14]   ✓ 2650/7562 scraped from Mamluk  (raw total: 13950)
[15:25:46]   ✓ 2700/7562 scraped from Mamluk  (raw total: 14000)
[15:25:46]   💾 Checkpoint at 2700
[15:27:22]   ✓ 2750/7562 scraped from Mamluk  (raw total: 14050)
[15:28:53]   ✓ 2800/7562 scraped from Mamluk  (raw total: 14100)
[15:28:55]   💾 Checkpoint at 2800
[15:30:27]   ✓ 2850/7562 scraped from Mamluk  (raw total: 14150)
[15:32:01]   ✓ 2900/7562 scraped from Mamluk  (raw total: 14200)
[15:32:03]   💾 Checkpoint at 2900
[15:33:58]   ✓ 2950/7562 scraped from Mamluk  (raw total: 14250)
[15:35:27]   ✓ 3000/7562 scraped from Mamluk  (raw total: 14300)
[15:35:29]   💾 Checkpoint at 3000
[15:36:54]   ✓ 3050/7562 scraped from Mamluk  (raw total: 14350)
[15:38:34]   ✓ 3100/7562 scraped from Mamluk  (raw total: 14400)
[15:38:36]   💾 Checkpoint at 3100
[15:40:03]   ✓ 3150/7562 scraped from Mamluk  (raw total: 14450)
[15:41:38]   ✓ 3200/7562 scraped from Mamluk  (raw total: 14500)
[15:41:39]   💾 Checkpoint at 3200
[15:43:13]   ✓ 3250/7562 scraped from Mamluk  (raw total: 14550)
[15:44:57]   ✓ 3300/7562 scraped from Mamluk  (raw total: 14600)
[15:44:59]   💾 Checkpoint at 3300
[15:46:25]   ✓ 3350/7562 scraped from Mamluk  (raw total: 14650)
[15:47:58]   ✓ 3400/7562 scraped from Mamluk  (raw total: 14700)
[15:47:59]   💾 Checkpoint at 3400
[15:49:30]   ✓ 3450/7562 scraped from Mamluk  (raw total: 14750)
[15:51:01]   ✓ 3500/7562 scraped from Mamluk  (raw total: 14800)
[15:51:03]   💾 Checkpoint at 3500
[15:52:29]   ✓ 3550/7562 scraped from Mamluk  (raw total: 14850)
[15:53:54]   ✓ 3600/7562 scraped from Mamluk  (raw total: 14900)
[15:53:56]   💾 Checkpoint at 3600
[15:55:19]   ✓ 3650/7562 scraped from Mamluk  (raw total: 14950)
[15:56:50]   ✓ 3700/7562 scraped from Mamluk  (raw total: 15000)
[15:56:52]   💾 Checkpoint at 3700
[15:58:24]   ✓ 3750/7562 scraped from Mamluk  (raw total: 15050)
[16:00:02]   ✓ 3800/7562 scraped from Mamluk  (raw total: 15100)
[16:00:03]   💾 Checkpoint at 3800
[16:01:40]   ✓ 3850/7562 scraped from Mamluk  (raw total: 15150)
[16:03:23]   ✓ 3900/7562 scraped from Mamluk  (raw total: 15200)
[16:03:25]   💾 Checkpoint at 3900
[16:05:12]   ✓ 3950/7562 scraped from Mamluk  (raw total: 15250)
[16:06:46]   ✓ 4000/7562 scraped from Mamluk  (raw total: 15300)
[16:06:47]   💾 Checkpoint at 4000
[16:08:13]   ✓ 4050/7562 scraped from Mamluk  (raw total: 15350)
[16:10:07]   ✓ 4100/7562 scraped from Mamluk  (raw total: 15400)
[16:10:09]   💾 Checkpoint at 4100
[16:12:15]   ✓ 4150/7562 scraped from Mamluk  (raw total: 15450)
[16:13:52]   ✓ 4200/7562 scraped from Mamluk  (raw total: 15500)
[16:13:54]   💾 Checkpoint at 4200
[16:15:18]   ✓ 4250/7562 scraped from Mamluk  (raw total: 15550)
[16:16:45]   ✓ 4300/7562 scraped from Mamluk  (raw total: 15600)
[16:16:47]   💾 Checkpoint at 4300
[16:18:20]   ✓ 4350/7562 scraped from Mamluk  (raw total: 15650)
[16:19:52]   ✓ 4400/7562 scraped from Mamluk  (raw total: 15700)
[16:19:54]   💾 Checkpoint at 4400
[16:21:31]   ✓ 4450/7562 scraped from Mamluk  (raw total: 15750)
[16:23:02]   ✓ 4500/7562 scraped from Mamluk  (raw total: 15800)
[16:23:03]   💾 Checkpoint at 4500
[16:24:29]   ✓ 4550/7562 scraped from Mamluk  (raw total: 15850)
[16:26:04]   ✓ 4600/7562 scraped from Mamluk  (raw total: 15900)
[16:26:04]   💾 Checkpoint at 4600
[16:27:40]   ✓ 4650/7562 scraped from Mamluk  (raw total: 15950)
[16:29:08]   ✓ 4700/7562 scraped from Mamluk  (raw total: 16000)
[16:29:10]   💾 Checkpoint at 4700
[16:30:41]   ✓ 4750/7562 scraped from Mamluk  (raw total: 16050)
[16:32:07]   ✓ 4800/7562 scraped from Mamluk  (raw total: 16100)
[16:32:09]   💾 Checkpoint at 4800
[16:33:45]   ✓ 4850/7562 scraped from Mamluk  (raw total: 16150)
[16:35:15]   ✓ 4900/7562 scraped from Mamluk  (raw total: 16200)
[16:35:16]   💾 Checkpoint at 4900
[16:36:46]   ✓ 4950/7562 scraped from Mamluk  (raw total: 16250)
[16:38:13]   ✓ 5000/7562 scraped from Mamluk  (raw total: 16300)
[16:38:15]   💾 Checkpoint at 5000
[16:39:43]   ✓ 5050/7562 scraped from Mamluk  (raw total: 16350)
[16:41:19]   ✓ 5100/7562 scraped from Mamluk  (raw total: 16400)
[16:41:21]   💾 Checkpoint at 5100
[16:42:52]   ✓ 5150/7562 scraped from Mamluk  (raw total: 16450)
[16:44:23]   ✓ 5200/7562 scraped from Mamluk  (raw total: 16500)
[16:44:25]   💾 Checkpoint at 5200
[16:46:12]   ✓ 5250/7562 scraped from Mamluk  (raw total: 16550)
[16:47:50]   ✓ 5300/7562 scraped from Mamluk  (raw total: 16600)
[16:47:52]   💾 Checkpoint at 5300
[16:49:37]   ✓ 5350/7562 scraped from Mamluk  (raw total: 16650)
[16:51:05]   ✓ 5400/7562 scraped from Mamluk  (raw total: 16700)
[16:51:07]   💾 Checkpoint at 5400
[16:52:42]   ✓ 5450/7562 scraped from Mamluk  (raw total: 16750)
[16:54:37]   ✓ 5500/7562 scraped from Mamluk  (raw total: 16800)
[16:54:38]   💾 Checkpoint at 5500
[16:56:16]   ✓ 5550/7562 scraped from Mamluk  (raw total: 16850)
[16:57:48]   ✓ 5600/7562 scraped from Mamluk  (raw total: 16900)
[16:57:50]   💾 Checkpoint at 5600
[16:59:19]   ✓ 5650/7562 scraped from Mamluk  (raw total: 16950)
[17:00:53]   ✓ 5700/7562 scraped from Mamluk  (raw total: 17000)
[17:00:54]   💾 Checkpoint at 5700
[17:02:21]   ✓ 5750/7562 scraped from Mamluk  (raw total: 17050)
[17:03:54]   ✓ 5800/7562 scraped from Mamluk  (raw total: 17100)
[17:03:56]   💾 Checkpoint at 5800
[17:05:25]   ✓ 5850/7562 scraped from Mamluk  (raw total: 17150)
[17:06:53]   ✓ 5900/7562 scraped from Mamluk  (raw total: 17200)
[17:06:54]   💾 Checkpoint at 5900
[17:08:27]   ✓ 5950/7562 scraped from Mamluk  (raw total: 17250)
[17:10:01]   ✓ 6000/7562 scraped from Mamluk  (raw total: 17300)
[17:10:03]   💾 Checkpoint at 6000
[17:11:31]   ✓ 6050/7562 scraped from Mamluk  (raw total: 17350)
[17:13:11]   ✓ 6100/7562 scraped from Mamluk  (raw total: 17400)
[17:13:13]   💾 Checkpoint at 6100
[17:14:54]   ✓ 6150/7562 scraped from Mamluk  (raw total: 17450)
[17:16:39]   ✓ 6200/7562 scraped from Mamluk  (raw total: 17500)
[17:16:40]   💾 Checkpoint at 6200
[17:18:11]   ✓ 6250/7562 scraped from Mamluk  (raw total: 17550)
[17:19:37]   ✓ 6300/7562 scraped from Mamluk  (raw total: 17600)
[17:19:39]   💾 Checkpoint at 6300
[17:21:06]   ✓ 6350/7562 scraped from Mamluk  (raw total: 17650)
[17:22:35]   ✓ 6400/7562 scraped from Mamluk  (raw total: 17700)
[17:22:37]   💾 Checkpoint at 6400
[17:24:04]   ✓ 6450/7562 scraped from Mamluk  (raw total: 17750)
[17:25:36]   ✓ 6500/7562 scraped from Mamluk  (raw total: 17800)
[17:25:38]   💾 Checkpoint at 6500
[17:27:10]   ✓ 6550/7562 scraped from Mamluk  (raw total: 17850)
[17:28:40]   ✓ 6600/7562 scraped from Mamluk  (raw total: 17900)
[17:28:41]   💾 Checkpoint at 6600
[17:30:17]   ✓ 6650/7562 scraped from Mamluk  (raw total: 17950)
[17:31:44]   ✓ 6700/7562 scraped from Mamluk  (raw total: 18000)
[17:31:46]   💾 Checkpoint at 6700
[17:33:24]   ✓ 6750/7562 scraped from Mamluk  (raw total: 18050)
[17:34:58]   ✓ 6800/7562 scraped from Mamluk  (raw total: 18100)
[17:35:00]   💾 Checkpoint at 6800
[17:36:34]   ✓ 6850/7562 scraped from Mamluk  (raw total: 18150)
[17:38:07]   ✓ 6900/7562 scraped from Mamluk  (raw total: 18200)
[17:38:09]   💾 Checkpoint at 6900
[17:39:39]   ✓ 6950/7562 scraped from Mamluk  (raw total: 18250)
[17:41:14]   ✓ 7000/7562 scraped from Mamluk  (raw total: 18300)
[17:41:15]   💾 Checkpoint at 7000
[17:42:45]   ✓ 7050/7562 scraped from Mamluk  (raw total: 18350)
[17:44:25]   ✓ 7100/7562 scraped from Mamluk  (raw total: 18400)
[17:44:26]   💾 Checkpoint at 7100
[17:46:04]   ✓ 7150/7562 scraped from Mamluk  (raw total: 18450)
[17:47:39]   ✓ 7200/7562 scraped from Mamluk  (raw total: 18500)
[17:47:41]   💾 Checkpoint at 7200
[17:49:23]   ✓ 7250/7562 scraped from Mamluk  (raw total: 18550)
[17:50:56]   ✓ 7300/7562 scraped from Mamluk  (raw total: 18600)
[17:50:57]   💾 Checkpoint at 7300
[17:52:27]   ✓ 7350/7562 scraped from Mamluk  (raw total: 18650)
[17:54:01]   ✓ 7400/7562 scraped from Mamluk  (raw total: 18700)
[17:54:03]   💾 Checkpoint at 7400
[17:55:47]   ✓ 7450/7562 scraped from Mamluk  (raw total: 18750)
[17:57:18]   ✓ 7500/7562 scraped from Mamluk  (raw total: 18800)
[17:57:20]   💾 Checkpoint at 7500
[17:58:42]   ✓ 7550/7562 scraped from Mamluk  (raw total: 18850)
[17:59:04]   ✓ Mamluk complete: 7562 scraped, 0 null/failed
[17:59:04]   Merge [Mamluk]: 15978 → 23469 (+7491 new, 11371 skipped as dupes)
[17:59:04]     7491  المماليك
[17:59:05] 
  ↳ Mamluk: 7562 scraped, 7491 merged in 267.1 min

[17:59:05] 
╔══════════════════════════════════════════════════════════╗
[17:59:05] ║                    Pipeline Complete                     ║
[17:59:05] ╠══════════════════════════════════════════════════════════╣
[17:59:05] ║  Umayyad      :  3319 scraped,  3687 merged  (116.4 min)  ║
[17:59:05] ║  Abbasid      :  2000 scraped,  1977 merged  (68.1 min)  ║
[17:59:05] ║  Fatimid      :   600 scraped,   596 merged  (20.8 min)  ║
[17:59:05] ║  Ayyubid      :  3931 scraped,  3906 merged  (135.4 min)  ║
[17:59:05] ║  Mamluk       :  7562 scraped,  7491 merged  (267.1 min)  ║
[17:59:05] ╚══════════════════════════════════════════════════════════╝
[17:59:05] 
coins.json final count: 23,469
